--- ask 1 steps=0 score=0 jumps=0 | CHAIN 7 RIGHT,UP,UP,UP,UP,UP,LEFT EATEN
== step 1 dir=RIGHT head=(6,6) len=3 food=(6,1) | foodAhead=139 bodyAhead=122 bodyGoAhead=133 jumps=0
   UP    (6,5) free, NEARER to food, cyc=143 | 不等式:FAIL(=跨身)
   DOWN  (6,7) free, FARTHER from food, cyc=1 | 不等式:PASS
   LEFT  (5,6) body, FARTHER from food, cyc=133 | 不等式:FAIL(=跨身)
   RIGHT (7,6) free, FARTHER from food, cyc=11 | 不等式:PASS<= 我选
   >>> 本链终点：此手吃子，新食物 [9, 9]
CHAIN 7 RIGHT,UP,UP,UP,UP,UP,LEFT EATEN
-- 计划尾部状态: steps=7 score=0 jumps=0 (未含本局早前账)
ask 2 steps=7 score=1 jumps=0 chain=11 EATEN
ask 3 steps=18 score=2 jumps=0 chain=34 EATEN
ask 4 steps=52 score=3 jumps=0 chain=16 EATEN
ask 5 steps=68 score=4 jumps=0 chain=11 EATEN
ask 6 steps=79 score=5 jumps=0 chain=9 EATEN
ask 7 steps=88 score=6 jumps=0 chain=10 EATEN
ask 8 steps=98 score=7 jumps=0 chain=23 EATEN
ask 9 steps=121 score=8 jumps=0 chain=11 EATEN
ask 10 steps=132 score=9 jumps=0 chain=28 EATEN
--- ask 11 steps=160 score=10 jumps=0 | CHAIN 44 RIGHT,DOWN,DOWN,DOWN,DOWN,RIGHT,RIGHT,RIGHT,RIGHT,RIGHT,UP,UP,UP,UP,UP,UP,UP,UP,UP,UP,UP,LEFT,LEFT,LEFT,LEFT,LEFT,LEFT,LEFT,LEFT,LEFT,LEFT,LEFT,DOWN,DOWN,DOWN,DOWN,DOWN,DOWN,DOWN,DOWN,DOWN,DOWN,DOWN,RIGHT EATEN
ask 12 steps=204 score=11 jumps=0 chain=4 EATEN
ask 13 steps=208 score=12 jumps=0 chain=11 EATEN
ask 14 steps=219 score=13 jumps=0 chain=13 EATEN
ask 15 steps=232 score=14 jumps=0 chain=27 EATEN
ask 16 steps=259 score=15 jumps=0 chain=2 EATEN
ask 17 steps=261 score=16 jumps=0 chain=16 EATEN
ask 18 steps=277 score=17 jumps=0 chain=7 EATEN
ask 19 steps=284 score=18 jumps=0 chain=3 EATEN
ask 20 steps=287 score=19 jumps=0 chain=44 EATEN
--- ask 21 steps=331 score=20 jumps=0 | CHAIN 33 UP,UP,UP,UP,UP,UP,RIGHT,RIGHT,RIGHT,RIGHT,RIGHT,RIGHT,RIGHT,RIGHT,UP,UP,UP,UP,LEFT,LEFT,LEFT,LEFT,LEFT,LEFT,LEFT,LEFT,LEFT,LEFT,LEFT,DOWN,DOWN,DOWN,DOWN EATEN
ask 22 steps=364 score=21 jumps=0 chain=11 EATEN
ask 23 steps=375 score=22 jumps=0 chain=30 EATEN
ask 24 steps=405 score=23 jumps=0 chain=32 EATEN
ask 25 steps=437 score=24 jumps=0 chain=7 EATEN
ask 26 steps=444 score=25 jumps=0 chain=41 EATEN
ask 27 steps=485 score=26 jumps=0 chain=10 EATEN
ask 28 steps=495 score=27 jumps=0 chain=25 EATEN
ask 29 steps=520 score=28 jumps=0 chain=34 EATEN
ask 30 steps=554 score=29 jumps=0 chain=12 EATEN
--- ask 31 steps=566 score=30 jumps=0 | CHAIN 26 UP,RIGHT,RIGHT,UP,UP,LEFT,LEFT,LEFT,LEFT,LEFT,LEFT,LEFT,LEFT,LEFT,LEFT,LEFT,DOWN,DOWN,DOWN,DOWN,DOWN,RIGHT,UP,UP,UP,RIGHT EATEN
ask 32 steps=592 score=31 jumps=0 chain=13 EATEN
ask 33 steps=605 score=32 jumps=0 chain=33 EATEN
ask 34 steps=638 score=33 jumps=0 chain=2 EATEN
ask 35 steps=640 score=34 jumps=0 chain=5 EATEN
ask 36 steps=645 score=35 jumps=0 chain=35 EATEN
ask 37 steps=680 score=36 jumps=0 chain=38 EATEN
ask 38 steps=718 score=37 jumps=0 chain=37 EATEN
ask 39 steps=755 score=38 jumps=0 chain=46 EATEN
ask 40 steps=801 score=39 jumps=0 chain=13 EATEN
--- ask 41 steps=814 score=40 jumps=0 | CHAIN 1 UP EATEN
ask 42 steps=815 score=41 jumps=0 chain=2 EATEN
ask 43 steps=817 score=42 jumps=0 chain=43 EATEN
ask 44 steps=860 score=43 jumps=0 chain=44 EATEN
ask 45 steps=904 score=44 jumps=0 chain=10 EATEN
ask 46 steps=914 score=45 jumps=0 chain=3 EATEN
ask 47 steps=917 score=46 jumps=0 chain=50 EATEN
ask 48 steps=967 score=47 jumps=0 chain=3 EATEN
ask 49 steps=970 score=48 jumps=0 chain=6 EATEN
ask 50 steps=976 score=49 jumps=0 chain=39 EATEN
--- ask 51 steps=1015 score=50 jumps=0 | CHAIN 12 RIGHT,RIGHT,RIGHT,RIGHT,RIGHT,RIGHT,RIGHT,UP,UP,UP,UP,UP EATEN
ask 52 steps=1027 score=51 jumps=0 chain=52 EATEN
ask 53 steps=1079 score=52 jumps=0 chain=50 EATEN
ask 54 steps=1129 score=53 jumps=0 chain=4 EATEN
ask 55 steps=1133 score=54 jumps=0 chain=54 EATEN
ask 56 steps=1187 score=55 jumps=0 chain=29 EATEN
ask 57 steps=1216 score=56 jumps=0 chain=1 EATEN
ask 58 steps=1217 score=57 jumps=0 chain=34 EATEN
ask 59 steps=1251 score=58 jumps=0 chain=19 EATEN
ask 60 steps=1270 score=59 jumps=0 chain=39 EATEN
--- ask 61 steps=1309 score=60 jumps=0 | CHAIN 3 DOWN,DOWN,DOWN EATEN
ask 62 steps=1312 score=61 jumps=0 chain=6 EATEN
ask 63 steps=1318 score=62 jumps=0 chain=72 EATEN
ask 64 steps=1390 score=63 jumps=0 chain=6 EATEN
ask 65 steps=1396 score=64 jumps=0 chain=59 EATEN
ask 66 steps=1455 score=65 jumps=0 chain=2 EATEN
ask 67 steps=1457 score=66 jumps=0 chain=14 EATEN
ask 68 steps=1471 score=67 jumps=0 chain=3 EATEN
ask 69 steps=1474 score=68 jumps=0 chain=57 EATEN
ask 70 steps=1531 score=69 jumps=0 chain=18 EATEN
--- ask 71 steps=1549 score=70 jumps=0 | CHAIN 4 DOWN,DOWN,DOWN,DOWN EATEN
ask 72 steps=1553 score=71 jumps=0 chain=52 EATEN
ask 73 steps=1605 score=72 jumps=0 chain=7 EATEN
ask 74 steps=1612 score=73 jumps=0 chain=22 EATEN
ask 75 steps=1634 score=74 jumps=0 chain=59 EATEN
ask 76 steps=1693 score=75 jumps=0 chain=5 EATEN
ask 77 steps=1698 score=76 jumps=0 chain=20 EATEN
ask 78 steps=1718 score=77 jumps=0 chain=54 EATEN
ask 79 steps=1772 score=78 jumps=0 chain=12 EATEN
ask 80 steps=1784 score=79 jumps=0 chain=85 EATEN
--- ask 81 steps=1869 score=80 jumps=0 | CHAIN 32 UP,UP,RIGHT,DOWN,DOWN,DOWN,DOWN,RIGHT,UP,UP,UP,UP,UP,UP,UP,UP,UP,RIGHT,DOWN,DOWN,DOWN,DOWN,DOWN,DOWN,RIGHT,UP,UP,UP,UP,UP,UP,RIGHT EATEN
ask 82 steps=1901 score=81 jumps=0 chain=46 EATEN
ask 83 steps=1947 score=82 jumps=0 chain=50 EATEN
ask 84 steps=1997 score=83 jumps=0 chain=33 EATEN
ask 85 steps=2030 score=84 jumps=0 chain=5 EATEN
ask 86 steps=2035 score=85 jumps=0 chain=7 EATEN
ask 87 steps=2042 score=86 jumps=0 chain=1 EATEN
ask 88 steps=2043 score=87 jumps=0 chain=9 EATEN
ask 89 steps=2052 score=88 jumps=0 chain=2 EATEN
ask 90 steps=2054 score=89 jumps=0 chain=83 EATEN
--- ask 91 steps=2137 score=90 jumps=0 | CHAIN 31 DOWN,DOWN,DOWN,DOWN,DOWN,DOWN,DOWN,DOWN,DOWN,DOWN,RIGHT,UP,UP,UP,UP,UP,UP,UP,UP,UP,RIGHT,DOWN,DOWN,DOWN,DOWN,DOWN,DOWN,DOWN,DOWN,DOWN,RIGHT EATEN
ask 92 steps=2168 score=91 jumps=0 chain=5 EATEN
DONE {"decider": "我(零掩码同契约)", "seed": 20260929, "food": 92, "steps": 2173, "cause": "WIN 吃满", "jumps": 0, "pp": 144, "elapsed": 451}
